12134
12143
12314
12324
12341
12342
12343
12413
12423
12431
12432
12434
13124
13142
13214
13234
13241
13242
13243
13412
13421
13423
13424
13432
14123
14132
14213
14231
14232
14234
14243
14312
14321
14323
14324
14342
21234
21243
21314
21324
21341
21342
21343
21413
21423
21431
21432
21434
23124
23134
23141
23142
23143
23214
23241
23412
23413
23414
23421
23431
24123
24131
24132
24134
24143
24213
24231
24312
24313
24314
24321
24341
31214
31234
31241
31242
31243
31324
31342
31412
31421
31423
31424
31432
32124
32134
32141
32142
32143
32314
32341
32412
32413
32414
32421
32431
34121
34123
34124
34132
34142
34212
34213
34214
34231
34241
34312
34321
41213
41231
41232
41234
41243
41312
41321
41323
41324
41342
41423
41432
42123
42131
42132
42134
42143
42312
42313
42314
42321
42341
42413
42431
43121
43123
43124
43132
43142
43212
43213
43214
43231
43241
43412
43421
144
