12123
12131
12132
12312
12313
12321
12323
13121
13123
13132
13212
13213
13231
13232
21213
21231
21232
21312
21313
21321
21323
23121
23123
23131
23132
23212
23213
23231
31212
31213
31231
31232
31312
31321
31323
32121
32123
32131
32132
32312
32313
32321
42